[2025-08-21 14:50:55.189] [INFO] WidgetServer: ===== 服务器启动初始化 =====
[2025-08-21 14:50:55.191] [INFO] WidgetServer: MySQL驱动检查通过
[2025-08-21 14:50:57.345] [INFO] WidgetServer: 数据库连接池初始化成功，连接名：global_conn
[2025-08-21 14:50:57.345] [INFO] WidgetServer: 日志工作线程启动成功
[2025-08-21 14:50:57.346] [INFO] WidgetServer: 日志工作线程启动，开始处理日志队列
[2025-08-21 14:50:57.352] [INFO] WidgetServer: 服务器启动成功，监听地址：0.0.0.0:8080
[2025-08-21 14:50:57.352] [INFO] WidgetServer: 注册接口：POST /api/register
[2025-08-21 14:50:57.353] [INFO] WidgetServer: 登录接口：POST /api/login
[2025-08-21 14:50:57.353] [INFO] WidgetServer: 登出接口：POST /api/logout
[2025-08-21 14:50:57.353] [INFO] WidgetServer: 好友功能接口：GET /api/get_friend_list
[2025-08-21 14:50:57.353] [INFO] WidgetServer: 发送消息接口：POST /api/send_message
[2025-08-21 14:50:57.353] [INFO] WidgetServer: 获取消息接口：GET /api/get_messages
[2025-08-21 14:50:57.353] [INFO] WidgetServer: 头像上传接口：POST /api/upload_avatar
[2025-08-21 14:50:57.355] [INFO] WidgetServer: 头像获取接口：GET /api/get_avatar
[2025-08-21 14:51:51.118] [INFO] WidgetServer: 服务器已停止监听端口
[2025-08-21 14:51:51.120] [INFO] WidgetServer: 数据库连接已关闭
[2025-08-21 14:51:51.120] [INFO] WidgetServer: ===== 服务器程序已退出 =====
[2025-08-21 22:24:36.871] [INFO] WidgetServer: ===== 服务器启动初始化 =====
[2025-08-21 22:24:36.873] [INFO] WidgetServer: MySQL驱动检查通过
[2025-08-21 22:24:39.018] [INFO] WidgetServer: 数据库连接池初始化成功，连接名：global_conn
[2025-08-21 22:24:39.020] [INFO] WidgetServer: 日志工作线程启动成功
[2025-08-21 22:24:39.020] [INFO] WidgetServer: 日志工作线程启动，开始处理日志队列
[2025-08-21 22:24:39.033] [INFO] WidgetServer: 服务器启动成功，监听地址：0.0.0.0:8080
[2025-08-21 22:24:39.033] [INFO] WidgetServer: 注册接口：POST /api/register
[2025-08-21 22:24:39.036] [INFO] WidgetServer: 登录接口：POST /api/login
[2025-08-21 22:24:39.036] [INFO] WidgetServer: 登出接口：POST /api/logout
[2025-08-21 22:24:39.036] [INFO] WidgetServer: 好友功能接口：GET /api/get_friend_list
[2025-08-21 22:24:39.036] [INFO] WidgetServer: 发送消息接口：POST /api/send_message
[2025-08-21 22:24:39.038] [INFO] WidgetServer: 获取消息接口：GET /api/get_messages
[2025-08-21 22:24:39.038] [INFO] WidgetServer: 头像上传接口：POST /api/upload_avatar
[2025-08-21 22:24:39.038] [INFO] WidgetServer: 头像获取接口：GET /api/get_avatar
[2025-08-21 22:34:48.957] [INFO] WidgetServer: 服务器已停止监听端口
[2025-08-21 22:34:48.963] [INFO] WidgetServer: 数据库连接已关闭
[2025-08-21 22:34:48.963] [INFO] WidgetServer: ===== 服务器程序已退出 =====
[2025-08-21 23:25:32.827] [INFO] WidgetServer: ===== 服务器启动初始化 =====
[2025-08-21 23:25:32.828] [INFO] WidgetServer: MySQL驱动检查通过
[2025-08-21 23:25:34.910] [INFO] WidgetServer: 数据库连接池初始化成功，连接名：global_conn
[2025-08-21 23:25:34.910] [INFO] WidgetServer: 日志工作线程启动成功
[2025-08-21 23:25:34.912] [INFO] WidgetServer: 日志工作线程启动，开始处理日志队列
[2025-08-21 23:25:34.915] [INFO] WidgetServer: 服务器启动成功，监听地址：0.0.0.0:8080
[2025-08-21 23:25:34.915] [INFO] WidgetServer: 注册接口：POST /api/register
[2025-08-21 23:25:34.918] [INFO] WidgetServer: 登录接口：POST /api/login
[2025-08-21 23:25:34.919] [INFO] WidgetServer: 登出接口：POST /api/logout
[2025-08-21 23:25:34.919] [INFO] WidgetServer: 好友功能接口：GET /api/get_friend_list
[2025-08-21 23:25:34.919] [INFO] WidgetServer: 发送消息接口：POST /api/send_message
[2025-08-21 23:25:34.919] [INFO] WidgetServer: 获取消息接口：GET /api/get_messages
[2025-08-21 23:25:34.919] [INFO] WidgetServer: 头像上传接口：POST /api/upload_avatar
[2025-08-21 23:25:34.920] [INFO] WidgetServer: 头像获取接口：GET /api/get_avatar
[2025-08-21 23:28:06.880] [INFO] WidgetServer: 服务器已停止监听端口
[2025-08-21 23:28:06.881] [INFO] WidgetServer: 数据库连接已关闭
[2025-08-21 23:28:06.881] [INFO] WidgetServer: ===== 服务器程序已退出 =====
