[2025-08-22 00:16:13.246] [INFO] WidgetServer: ===== 服务器启动初始化 =====
[2025-08-22 00:16:13.247] [INFO] WidgetServer: MySQL驱动检查通过
[2025-08-22 00:16:15.294] [INFO] WidgetServer: 数据库连接池初始化成功，连接名：global_conn
[2025-08-22 00:16:15.294] [INFO] WidgetServer: 日志工作线程启动成功
[2025-08-22 00:16:15.294] [INFO] WidgetServer: 日志工作线程启动，开始处理日志队列
[2025-08-22 00:16:15.298] [INFO] WidgetServer: 服务器启动成功，监听地址：0.0.0.0:8080
[2025-08-22 00:16:15.298] [INFO] WidgetServer: 注册接口：POST /api/register
[2025-08-22 00:16:15.300] [INFO] WidgetServer: 登录接口：POST /api/login
[2025-08-22 00:16:15.300] [INFO] WidgetServer: 登出接口：POST /api/logout
[2025-08-22 00:16:15.300] [INFO] WidgetServer: 好友功能接口：GET /api/get_friend_list
[2025-08-22 00:16:15.300] [INFO] WidgetServer: 发送消息接口：POST /api/send_message
[2025-08-22 00:16:15.300] [INFO] WidgetServer: 获取消息接口：GET /api/get_messages
[2025-08-22 00:16:15.301] [INFO] WidgetServer: 头像上传接口：POST /api/upload_avatar
[2025-08-22 00:16:15.301] [INFO] WidgetServer: 头像获取接口：GET /api/get_avatar
[2025-08-22 00:20:49.642] [INFO] WidgetServer: 服务器已停止监听端口
[2025-08-22 00:20:49.642] [INFO] WidgetServer: 数据库连接已关闭
[2025-08-22 00:20:49.643] [INFO] WidgetServer: ===== 服务器程序已退出 =====
[2025-08-22 14:56:08.191] [INFO] WidgetServer: ===== 服务器启动初始化 =====
[2025-08-22 14:56:08.193] [INFO] WidgetServer: MySQL驱动检查通过
[2025-08-22 14:56:10.327] [INFO] WidgetServer: 数据库连接池初始化成功，连接名：global_conn
[2025-08-22 14:56:10.327] [INFO] WidgetServer: 日志工作线程启动成功
[2025-08-22 14:56:10.328] [INFO] WidgetServer: 日志工作线程启动，开始处理日志队列
[2025-08-22 14:56:10.330] [INFO] WidgetServer: 服务器启动成功，监听地址：0.0.0.0:8080
[2025-08-22 14:56:10.330] [INFO] WidgetServer: 注册接口：POST /api/register
[2025-08-22 14:56:10.332] [INFO] WidgetServer: 登录接口：POST /api/login
[2025-08-22 14:56:10.333] [INFO] WidgetServer: 登出接口：POST /api/logout
[2025-08-22 14:56:10.333] [INFO] WidgetServer: 好友功能接口：GET /api/get_friend_list
[2025-08-22 14:56:10.333] [INFO] WidgetServer: 发送消息接口：POST /api/send_message
[2025-08-22 14:56:10.333] [INFO] WidgetServer: 获取消息接口：GET /api/get_messages
[2025-08-22 14:56:10.333] [INFO] WidgetServer: 头像上传接口：POST /api/upload_avatar
[2025-08-22 14:56:10.333] [INFO] WidgetServer: 头像获取接口：GET /api/get_avatar
[2025-08-22 14:56:18.977] [INFO] WidgetServer: 服务器已停止监听端口
[2025-08-22 14:56:18.986] [INFO] WidgetServer: 数据库连接已关闭
[2025-08-22 14:56:18.986] [INFO] WidgetServer: ===== 服务器程序已退出 =====
[2025-08-22 15:56:11.012] [INFO] WidgetServer: ===== 服务器启动初始化 =====
[2025-08-22 15:56:11.013] [INFO] WidgetServer: MySQL驱动检查通过
[2025-08-22 15:56:13.066] [INFO] WidgetServer: 数据库连接池初始化成功，连接名：global_conn
[2025-08-22 15:56:13.067] [INFO] WidgetServer: 日志工作线程启动成功
[2025-08-22 15:56:13.067] [INFO] WidgetServer: 日志工作线程启动，开始处理日志队列
[2025-08-22 15:56:13.072] [INFO] WidgetServer: 服务器启动成功，监听地址：0.0.0.0:8080
[2025-08-22 15:56:13.072] [INFO] WidgetServer: 注册接口：POST /api/register
[2025-08-22 15:56:13.073] [INFO] WidgetServer: 登录接口：POST /api/login
[2025-08-22 15:56:13.073] [INFO] WidgetServer: 登出接口：POST /api/logout
[2025-08-22 15:56:13.073] [INFO] WidgetServer: 好友功能接口：GET /api/get_friend_list
[2025-08-22 15:56:13.073] [INFO] WidgetServer: 发送消息接口：POST /api/send_message
[2025-08-22 15:56:13.073] [INFO] WidgetServer: 获取消息接口：GET /api/get_messages
[2025-08-22 15:56:13.074] [INFO] WidgetServer: 头像上传接口：POST /api/upload_avatar
[2025-08-22 15:56:13.074] [INFO] WidgetServer: 头像获取接口：GET /api/get_avatar
[2025-08-22 16:08:51.999] [INFO] WidgetServer: 服务器已停止监听端口
[2025-08-22 16:08:51.999] [INFO] WidgetServer: 数据库连接已关闭
[2025-08-22 16:08:52.000] [INFO] WidgetServer: ===== 服务器程序已退出 =====
